# catkin: command not found

>> sudo apt-get install python3-catkin-tools

# AttributeError: module 'numpy' has no attribute 'typeDict'

>> pip3 install numpy==1.21


# I tensorflow/compiler/xla/stream_executor/cuda/cuda_gpu_executor.cc:981] successful NUMA node read from SysFS had negative value (-1), but there must be at least one NUMA node, so returning NUMA node zero

https://lapina.tistory.com/137
$ gbus = tf.config.experimental.list_physical_devices('GPU')

$ lspci | grep -i nvidia
$ cd /sys/bus/pci/devices/
$ ls
$ cat /sys/bus/pci/devices/0000\:08\:00.0/numa_node
-1
$ cat /sys/bus/pci/devices/0000\:08\:00.1/numa_node
-1

>> $ echo 0 | sudo tee -a /sys/bus/pci/devices/0000\:08\:00.0/numa_node
0
$ echo 0 | sudo tee -a /sys/bus/pci/devices/0000\:08\:00.1/numa_node
0

  
from torch._C import * # noqa: F403 ImportError: libtinfo.so.5: cannot open shared object file: No such file or directory [end of output]

>> sudo apt-get install libtinfo5

ERROR: Command errored out with exit status 1: python setup.py egg_info Check the logs for full command output.

>> pip install --upgrade pip
